---
source: src/parser/parser_snap_tests.rs
expression: "format!(\"{:#?}\", t.unwrap())"
---
Module(
    [
        FnDef(
            FnDef(
                Prototype {
                    name: Ident(
                        "some",
                        None,
                    ),
                    args: [],
                    ret: None,
                    effects: [],
                },
                Block(
                    [
                        Binding(
                            Binding(
                                Ident(
                                    "a",
                                    None,
                                ),
                                FnCall(
                                    FnCall(
                                        Ident(
                                            "some_fnExpr",
                                            None,
                                        ),
                                        [
                                            Integer(
                                                1,
                                            ),
                                            String(
                                                "2",
                                            ),
                                            Integer(
                                                3,
                                            ),
                                        ],
                                    ),
                                ),
                            ),
                        ),
                    ],
                ),
                [],
            ),
        ),
    ],
)
